=== cuMES — CUDA Magnetic Equilibrium Solver ===
input: solovev
ns=11 mnmax=6 ntheta=18 nzeta=1 nZnT=18 nfp=1 mpol=6 ntor=0 ncurr=0
  initState: vmecpp interpFromBoundaryAndAxis (m>0 s^(m/2))
  profiles: ns=11 phip=-1.591549e-01 lamscale=1.591549e-01 maxToroidalFlux=-1.591549e-01
knobs: max_iter=1000 delt0=0.900 dtau_floor=0.000e+00 dump_iter=150 e2_start=560

 ITER |    FSQR        FSQZ        FSQL    |   DELT
------+------------------------------------+----------
    2 |   9.408e-02   2.763e-03   3.215e-02 | 9.00e-01 | Rax=3.9360 Rbnd=3.9990
    3 |   7.482e-03   7.541e-04   4.261e-03 | 9.00e-01 | Rax=3.8636 Rbnd=3.9990
    4 |   1.681e-02   9.464e-04   6.812e-03 | 9.00e-01 | Rax=3.8335 Rbnd=3.9990
    5 |   4.549e-02   9.114e-04   1.879e-02 | 9.00e-01 | Rax=3.8595 Rbnd=3.9990
    6 |   4.066e-02   4.434e-03   1.078e-02 | 9.00e-01 | Rax=3.9155 Rbnd=3.9990
   52 |   8.955e-05   5.067e-05   2.362e-05 | 9.00e-01 | Rax=3.9900 Rbnd=3.9990
  102 |   7.825e-08   6.411e-08   5.776e-08 | 9.00e-01 | Rax=3.9908 Rbnd=3.9990
  152 |   1.217e-10   4.795e-11   2.017e-11 | 9.00e-01 | Rax=3.9909 Rbnd=3.9990
  202 |   1.105e-13   3.336e-14   1.575e-14 | 9.00e-01 | Rax=3.9909 Rbnd=3.9990
  252 |   1.270e-16   2.619e-17   2.969e-17 | 9.00e-01 | Rax=3.9909 Rbnd=3.9990
  -> CONVERGED at iter 252
transform timing: inverseDFT total 31.4 ms (0.125 ms/iter), forwardDFT total 8.9 ms (0.035 ms/iter)
Saved binary state to cumes_state.bin

========================================
  Solver Result
========================================
  Status:     CONVERGED
  Iterations: 252
  FSQR:       7.952e-17
  FSQZ:       2.596e-17
  FSQL:       1.161e-17

  R_00 radial profile:
  j  |  R_00
  ---+--------
   0 |   3.990923
   1 |   3.991055
   2 |   3.991591
   3 |   3.992375
   4 |   3.993278
   5 |   3.994223
   6 |   3.995180
   7 |   3.996139
   8 |   3.997097
   9 |   3.998051
  10 |   3.999000

  Axis (j=0) and Boundary (j=10):
  Mode | m  n |   rmncc(ax)  rmncc(bdy)  zmnsc(ax)  zmnsc(bdy)
  ------+-------+-------------------------------------------
     0 | 0 0 |   3.990923   3.999000   0.000000   0.000000
     1 | 1 0 |   0.319291   1.026000   0.492040   1.580000
     2 | 2 0 |  -0.000000  -0.068000   0.000000   0.010000
     3 | 3 0 |   0.000000   0.000000   0.000000   0.000000
     4 | 4 0 |   0.000000   0.000000   0.000000   0.000000
     5 | 5 0 |   0.000000   0.000000   0.000000   0.000000

Done.
