=== cuMES — CUDA Magnetic Equilibrium Solver ===
input: w7x
ns=99 mnmax=156 ntheta=30 nzeta=36 nZnT=1080 nfp=5 mpol=12 ntor=12 ncurr=1
  initState: vmecpp interpFromBoundaryAndAxis (m>0 s^(m/2))
  profiles: ns=99 phip=2.769296e-01 lamscale=2.769296e-01 maxToroidalFlux=2.769296e-01
knobs: max_iter=5000 delt0=1.000 dtau_floor=0.000e+00 dump_iter=150 e2_start=560

 ITER |    FSQR        FSQZ        FSQL    |   DELT
------+------------------------------------+----------
    2 |   2.204e+00   8.373e-01   1.420e-01 | 1.00e+00 | Rax=5.9718 Rbnd=5.5586
    3 |   7.354e+01   3.778e+01   1.161e-01 | 1.00e+00 | Rax=5.9445 Rbnd=5.5586
  -> BAD JACOBIAN (iter2=3) delt=9.000e-01
    3 |   2.473e+13   3.910e+12   2.611e+04 | 9.00e-01 | Rax=5.9864 Rbnd=5.5586
    4 |   2.204e+00   8.533e-01   1.420e-01 | 9.00e-01 | Rax=5.9745 Rbnd=5.5586
    5 |   4.387e+01   2.232e+01   7.858e-02 | 9.00e-01 | Rax=5.9532 Rbnd=5.5586
  -> BAD JACOBIAN (iter2=5) delt=8.100e-01
  -> BAD JACOBIAN (iter2=8) delt=7.290e-01
  -> BAD JACOBIAN (iter2=11) delt=6.561e-01
  -> BAD JACOBIAN (iter2=15) delt=5.905e-01
   47 |   5.431e-01   2.471e-01   5.643e-03 | 5.90e-01 | Rax=5.9815 Rbnd=5.5586
  -> BAD PROGRESS (iter2=51) delt=5.733e-01
  -> BAD PROGRESS (iter2=64) delt=5.566e-01
  -> BAD PROGRESS (iter2=78) delt=5.404e-01
  -> BAD PROGRESS (iter2=91) delt=5.246e-01
   93 |   2.415e-02   1.056e-02   4.589e-05 | 5.25e-01 | Rax=5.9850 Rbnd=5.5586
  143 |   1.460e-05   6.890e-06   7.690e-07 | 5.25e-01 | Rax=5.9901 Rbnd=5.5586
  193 |   2.681e-07   1.382e-07   1.851e-07 | 5.25e-01 | Rax=5.9937 Rbnd=5.5586
  243 |   1.245e-07   4.859e-08   4.664e-08 | 5.25e-01 | Rax=5.9968 Rbnd=5.5586
  293 |   3.324e-08   1.254e-08   1.550e-08 | 5.25e-01 | Rax=5.9991 Rbnd=5.5586
  343 |   9.369e-09   3.470e-09   6.995e-09 | 5.25e-01 | Rax=6.0011 Rbnd=5.5586
  393 |   4.159e-09   1.678e-09   3.219e-09 | 5.25e-01 | Rax=6.0025 Rbnd=5.5586
  443 |   2.378e-09   8.562e-10   1.624e-09 | 5.25e-01 | Rax=6.0035 Rbnd=5.5586
  493 |   1.331e-09   4.811e-10   7.234e-10 | 5.25e-01 | Rax=6.0043 Rbnd=5.5586
  543 |   7.900e-10   2.447e-10   3.852e-10 | 5.25e-01 | Rax=6.0050 Rbnd=5.5586
  593 |   5.360e-10   1.593e-10   2.067e-10 | 5.25e-01 | Rax=6.0056 Rbnd=5.5586
  643 |   3.964e-10   1.136e-10   1.715e-10 | 5.25e-01 | Rax=6.0062 Rbnd=5.5586
  693 |   2.658e-10   7.815e-11   1.232e-10 | 5.25e-01 | Rax=6.0067 Rbnd=5.5586
  743 |   1.945e-10   5.624e-11   8.981e-11 | 5.25e-01 | Rax=6.0071 Rbnd=5.5586
  793 |   1.526e-10   4.627e-11   7.739e-11 | 5.25e-01 | Rax=6.0075 Rbnd=5.5586
  843 |   1.167e-10   3.214e-11   5.972e-11 | 5.25e-01 | Rax=6.0078 Rbnd=5.5586
  893 |   9.527e-11   2.498e-11   4.626e-11 | 5.25e-01 | Rax=6.0080 Rbnd=5.5586
  943 |   8.139e-11   2.166e-11   3.836e-11 | 5.25e-01 | Rax=6.0082 Rbnd=5.5586
  993 |   7.010e-11   1.852e-11   3.178e-11 | 5.25e-01 | Rax=6.0084 Rbnd=5.5586
 1043 |   5.851e-11   1.516e-11   2.637e-11 | 5.25e-01 | Rax=6.0086 Rbnd=5.5586
 1093 |   4.897e-11   1.295e-11   2.293e-11 | 5.25e-01 | Rax=6.0087 Rbnd=5.5586
 1143 |   4.159e-11   1.106e-11   2.011e-11 | 5.25e-01 | Rax=6.0088 Rbnd=5.5586
 1193 |   3.595e-11   9.454e-12   1.743e-11 | 5.25e-01 | Rax=6.0088 Rbnd=5.5586
 1243 |   3.249e-11   8.343e-12   1.541e-11 | 5.25e-01 | Rax=6.0089 Rbnd=5.5586
 1293 |   3.048e-11   7.510e-12   1.364e-11 | 5.25e-01 | Rax=6.0090 Rbnd=5.5586
 1343 |   2.889e-11   6.965e-12   1.207e-11 | 5.25e-01 | Rax=6.0090 Rbnd=5.5586
 1393 |   2.813e-11   6.500e-12   1.068e-11 | 5.25e-01 | Rax=6.0091 Rbnd=5.5586
 1443 |   2.732e-11   6.070e-12   9.368e-12 | 5.25e-01 | Rax=6.0091 Rbnd=5.5586
 1493 |   2.612e-11   5.469e-12   8.108e-12 | 5.25e-01 | Rax=6.0091 Rbnd=5.5586
 1543 |   2.456e-11   4.948e-12   7.051e-12 | 5.25e-01 | Rax=6.0092 Rbnd=5.5586
 1593 |   2.293e-11   4.585e-12   6.280e-12 | 5.25e-01 | Rax=6.0092 Rbnd=5.5586
 1643 |   2.108e-11   4.306e-12   5.651e-12 | 5.25e-01 | Rax=6.0092 Rbnd=5.5586
 1693 |   1.898e-11   3.947e-12   5.124e-12 | 5.25e-01 | Rax=6.0092 Rbnd=5.5586
 1743 |   1.722e-11   3.527e-12   4.694e-12 | 5.25e-01 | Rax=6.0091 Rbnd=5.5586
 1793 |   1.553e-11   3.197e-12   4.327e-12 | 5.25e-01 | Rax=6.0091 Rbnd=5.5586
 1843 |   1.404e-11   2.879e-12   4.000e-12 | 5.25e-01 | Rax=6.0091 Rbnd=5.5586
 1893 |   1.279e-11   2.611e-12   3.692e-12 | 5.25e-01 | Rax=6.0091 Rbnd=5.5586
 1943 |   1.170e-11   2.360e-12   3.369e-12 | 5.25e-01 | Rax=6.0091 Rbnd=5.5586
 1953 |   1.155e-11   2.283e-12   3.301e-12 | 5.25e-01 | Rax=6.0091 Rbnd=5.5586
 1963 |   1.133e-11   2.242e-12   3.233e-12 | 5.25e-01 | Rax=6.0091 Rbnd=5.5586
 1973 |   1.110e-11   2.227e-12   3.171e-12 | 5.25e-01 | Rax=6.0091 Rbnd=5.5586
 1983 |   1.094e-11   2.161e-12   3.111e-12 | 5.25e-01 | Rax=6.0091 Rbnd=5.5586
 1993 |   1.065e-11   2.166e-12   3.053e-12 | 5.25e-01 | Rax=6.0091 Rbnd=5.5586
 2003 |   1.053e-11   2.089e-12   2.989e-12 | 5.25e-01 | Rax=6.0091 Rbnd=5.5586
 2013 |   1.032e-11   2.073e-12   2.928e-12 | 5.25e-01 | Rax=6.0091 Rbnd=5.5586
 2023 |   1.012e-11   2.055e-12   2.872e-12 | 5.25e-01 | Rax=6.0091 Rbnd=5.5586
 2033 |   9.978e-12   2.013e-12   2.818e-12 | 5.25e-01 | Rax=6.0091 Rbnd=5.5586
 2043 |   9.736e-12   2.016e-12   2.765e-12 | 5.25e-01 | Rax=6.0091 Rbnd=5.5586
 2053 |   9.636e-12   1.949e-12   2.706e-12 | 5.25e-01 | Rax=6.0091 Rbnd=5.5586
 2063 |   9.404e-12   1.945e-12   2.650e-12 | 5.25e-01 | Rax=6.0091 Rbnd=5.5586
 2073 |   9.243e-12   1.917e-12   2.597e-12 | 5.25e-01 | Rax=6.0091 Rbnd=5.5586
 2083 |   9.094e-12   1.876e-12   2.545e-12 | 5.25e-01 | Rax=6.0091 Rbnd=5.5586
 2093 |   8.894e-12   1.862e-12   2.492e-12 | 5.25e-01 | Rax=6.0091 Rbnd=5.5586
 2103 |   8.803e-12   1.791e-12   2.435e-12 | 5.25e-01 | Rax=6.0091 Rbnd=5.5586
 2113 |   8.582e-12   1.787e-12   2.379e-12 | 5.25e-01 | Rax=6.0090 Rbnd=5.5586
 2123 |   8.470e-12   1.736e-12   2.323e-12 | 5.25e-01 | Rax=6.0090 Rbnd=5.5586
 2133 |   8.327e-12   1.694e-12   2.268e-12 | 5.25e-01 | Rax=6.0090 Rbnd=5.5586
 2143 |   8.157e-12   1.669e-12   2.212e-12 | 5.25e-01 | Rax=6.0090 Rbnd=5.5586
 2153 |   8.061e-12   1.601e-12   2.152e-12 | 5.25e-01 | Rax=6.0090 Rbnd=5.5586
 2163 |   7.841e-12   1.593e-12   2.092e-12 | 5.25e-01 | Rax=6.0090 Rbnd=5.5586
 2173 |   7.734e-12   1.530e-12   2.032e-12 | 5.25e-01 | Rax=6.0090 Rbnd=5.5586
 2183 |   7.560e-12   1.500e-12   1.975e-12 | 5.25e-01 | Rax=6.0090 Rbnd=5.5586
 2193 |   7.392e-12   1.475e-12   1.917e-12 | 5.25e-01 | Rax=6.0090 Rbnd=5.5586
 2203 |   7.287e-12   1.425e-12   1.857e-12 | 5.25e-01 | Rax=6.0090 Rbnd=5.5586
 2213 |   7.076e-12   1.420e-12   1.799e-12 | 5.25e-01 | Rax=6.0091 Rbnd=5.5586
 2223 |   6.977e-12   1.357e-12   1.743e-12 | 5.25e-01 | Rax=6.0091 Rbnd=5.5586
 2233 |   6.766e-12   1.333e-12   1.693e-12 | 5.25e-01 | Rax=6.0091 Rbnd=5.5586
 2243 |   6.607e-12   1.294e-12   1.642e-12 | 5.25e-01 | Rax=6.0091 Rbnd=5.5586
 2253 |   6.482e-12   1.244e-12   1.591e-12 | 5.25e-01 | Rax=6.0091 Rbnd=5.5586
 2263 |   6.283e-12   1.236e-12   1.543e-12 | 5.25e-01 | Rax=6.0091 Rbnd=5.5586
 2273 |   6.175e-12   1.181e-12   1.498e-12 | 5.25e-01 | Rax=6.0091 Rbnd=5.5586
 2283 |   5.957e-12   1.171e-12   1.460e-12 | 5.25e-01 | Rax=6.0091 Rbnd=5.5586
 2293 |   5.815e-12   1.132e-12   1.420e-12 | 5.25e-01 | Rax=6.0091 Rbnd=5.5586
 2303 |   5.675e-12   1.097e-12   1.382e-12 | 5.25e-01 | Rax=6.0091 Rbnd=5.5586
 2313 |   5.497e-12   1.091e-12   1.346e-12 | 5.25e-01 | Rax=6.0091 Rbnd=5.5586
 2323 |   5.378e-12   1.047e-12   1.313e-12 | 5.25e-01 | Rax=6.0091 Rbnd=5.5586
 2333 |   5.168e-12   1.042e-12   1.284e-12 | 5.25e-01 | Rax=6.0091 Rbnd=5.5586
 2343 |   5.038e-12   9.985e-13   1.253e-12 | 5.25e-01 | Rax=6.0091 Rbnd=5.5586
 2353 |   4.884e-12   9.744e-13   1.223e-12 | 5.25e-01 | Rax=6.0091 Rbnd=5.5586
 2363 |   4.724e-12   9.637e-13   1.194e-12 | 5.25e-01 | Rax=6.0091 Rbnd=5.5586
 2373 |   4.616e-12   9.250e-13   1.167e-12 | 5.25e-01 | Rax=6.0091 Rbnd=5.5586
 2383 |   4.442e-12   9.182e-13   1.142e-12 | 5.25e-01 | Rax=6.0091 Rbnd=5.5586
 2393 |   4.338e-12   8.768e-13   1.116e-12 | 5.25e-01 | Rax=6.0091 Rbnd=5.5586
 2403 |   4.190e-12   8.605e-13   1.092e-12 | 5.25e-01 | Rax=6.0091 Rbnd=5.5586
 2413 |   4.061e-12   8.474e-13   1.066e-12 | 5.25e-01 | Rax=6.0091 Rbnd=5.5586
 2423 |   3.959e-12   8.195e-13   1.042e-12 | 5.25e-01 | Rax=6.0091 Rbnd=5.5586
 2433 |   3.819e-12   8.183e-13   1.020e-12 | 5.25e-01 | Rax=6.0091 Rbnd=5.5586
 2443 |   3.735e-12   7.857e-13   9.967e-13 | 5.25e-01 | Rax=6.0091 Rbnd=5.5586
 2453 |   3.610e-12   7.803e-13   9.749e-13 | 5.25e-01 | Rax=6.0091 Rbnd=5.5586
 2463 |   3.511e-12   7.645e-13   9.510e-13 | 5.25e-01 | Rax=6.0091 Rbnd=5.5586
 2473 |   3.421e-12   7.415e-13   9.288e-13 | 5.25e-01 | Rax=6.0091 Rbnd=5.5586
 2483 |   3.311e-12   7.367e-13   9.081e-13 | 5.25e-01 | Rax=6.0091 Rbnd=5.5586
 2493 |   3.244e-12   7.052e-13   8.859e-13 | 5.25e-01 | Rax=6.0091 Rbnd=5.5586
 2503 |   3.146e-12   6.996e-13   8.652e-13 | 5.25e-01 | Rax=6.0091 Rbnd=5.5586
 2513 |   3.076e-12   6.750e-13   8.429e-13 | 5.25e-01 | Rax=6.0091 Rbnd=5.5586
 2523 |   2.998e-12   6.563e-13   8.225e-13 | 5.25e-01 | Rax=6.0091 Rbnd=5.5586
 2533 |   2.907e-12   6.490e-13   8.032e-13 | 5.25e-01 | Rax=6.0091 Rbnd=5.5586
 2543 |   2.846e-12   6.211e-13   7.831e-13 | 5.25e-01 | Rax=6.0091 Rbnd=5.5586
 2553 |   2.759e-12   6.162e-13   7.640e-13 | 5.25e-01 | Rax=6.0091 Rbnd=5.5586
 2563 |   2.695e-12   5.922e-13   7.435e-13 | 5.25e-01 | Rax=6.0091 Rbnd=5.5586
 2573 |   2.617e-12   5.797e-13   7.248e-13 | 5.25e-01 | Rax=6.0091 Rbnd=5.5586
 2583 |   2.541e-12   5.701e-13   7.068e-13 | 5.25e-01 | Rax=6.0091 Rbnd=5.5586
 2593 |   2.487e-12   5.467e-13   6.883e-13 | 5.25e-01 | Rax=6.0091 Rbnd=5.5586
 2603 |   2.420e-12   5.426e-13   6.706e-13 | 5.25e-01 | Rax=6.0091 Rbnd=5.5586
 2613 |   2.373e-12   5.187e-13   6.519e-13 | 5.25e-01 | Rax=6.0091 Rbnd=5.5586
 2623 |   2.312e-12   5.107e-13   6.347e-13 | 5.25e-01 | Rax=6.0091 Rbnd=5.5586
 2633 |   2.258e-12   4.979e-13   6.183e-13 | 5.25e-01 | Rax=6.0091 Rbnd=5.5586
 2643 |   2.213e-12   4.793e-13   6.017e-13 | 5.25e-01 | Rax=6.0091 Rbnd=5.5586
 2653 |   2.159e-12   4.757e-13   5.856e-13 | 5.25e-01 | Rax=6.0091 Rbnd=5.5586
 2663 |   2.116e-12   4.558e-13   5.683e-13 | 5.25e-01 | Rax=6.0091 Rbnd=5.5586
 2673 |   2.060e-12   4.532e-13   5.527e-13 | 5.25e-01 | Rax=6.0091 Rbnd=5.5586
 2683 |   2.012e-12   4.410e-13   5.376e-13 | 5.25e-01 | Rax=6.0091 Rbnd=5.5586
 2693 |   1.967e-12   4.299e-13   5.225e-13 | 5.25e-01 | Rax=6.0091 Rbnd=5.5586
 2703 |   1.918e-12   4.273e-13   5.078e-13 | 5.25e-01 | Rax=6.0091 Rbnd=5.5586
 2713 |   1.879e-12   4.109e-13   4.921e-13 | 5.25e-01 | Rax=6.0091 Rbnd=5.5586
 2723 |   1.833e-12   4.092e-13   4.780e-13 | 5.25e-01 | Rax=6.0091 Rbnd=5.5586
 2733 |   1.793e-12   3.947e-13   4.645e-13 | 5.25e-01 | Rax=6.0091 Rbnd=5.5586
 2743 |   1.753e-12   3.852e-13   4.510e-13 | 5.25e-01 | Rax=6.0091 Rbnd=5.5586
 2753 |   1.713e-12   3.790e-13   4.375e-13 | 5.25e-01 | Rax=6.0091 Rbnd=5.5586
 2763 |   1.676e-12   3.627e-13   4.230e-13 | 5.25e-01 | Rax=6.0091 Rbnd=5.5586
 2773 |   1.633e-12   3.605e-13   4.098e-13 | 5.25e-01 | Rax=6.0091 Rbnd=5.5586
 2783 |   1.598e-12   3.442e-13   3.972e-13 | 5.25e-01 | Rax=6.0091 Rbnd=5.5586
 2793 |   1.562e-12   3.378e-13   3.844e-13 | 5.25e-01 | Rax=6.0091 Rbnd=5.5586
 2803 |   1.528e-12   3.294e-13   3.716e-13 | 5.25e-01 | Rax=6.0091 Rbnd=5.5586
 2813 |   1.494e-12   3.145e-13   3.582e-13 | 5.25e-01 | Rax=6.0091 Rbnd=5.5586
 2823 |   1.454e-12   3.117e-13   3.464e-13 | 5.25e-01 | Rax=6.0091 Rbnd=5.5586
 2833 |   1.416e-12   2.966e-13   3.351e-13 | 5.25e-01 | Rax=6.0091 Rbnd=5.5586
 2843 |   1.374e-12   2.930e-13   3.240e-13 | 5.25e-01 | Rax=6.0091 Rbnd=5.5586
 2853 |   1.340e-12   2.826e-13   3.128e-13 | 5.25e-01 | Rax=6.0091 Rbnd=5.5586
 2863 |   1.307e-12   2.728e-13   3.015e-13 | 5.25e-01 | Rax=6.0091 Rbnd=5.5586
 2873 |   1.271e-12   2.716e-13   2.915e-13 | 5.25e-01 | Rax=6.0091 Rbnd=5.5586
 2883 |   1.236e-12   2.593e-13   2.822e-13 | 5.25e-01 | Rax=6.0091 Rbnd=5.5586
 2893 |   1.197e-12   2.574e-13   2.731e-13 | 5.25e-01 | Rax=6.0091 Rbnd=5.5586
 2903 |   1.164e-12   2.472e-13   2.639e-13 | 5.25e-01 | Rax=6.0091 Rbnd=5.5586
 2913 |   1.128e-12   2.415e-13   2.549e-13 | 5.25e-01 | Rax=6.0091 Rbnd=5.5586
 2923 |   1.096e-12   2.394e-13   2.470e-13 | 5.25e-01 | Rax=6.0091 Rbnd=5.5586
 2933 |   1.064e-12   2.294e-13   2.397e-13 | 5.25e-01 | Rax=6.0091 Rbnd=5.5586
 2943 |   1.031e-12   2.280e-13   2.324e-13 | 5.25e-01 | Rax=6.0091 Rbnd=5.5586
 2953 |   1.002e-12   2.172e-13   2.250e-13 | 5.25e-01 | Rax=6.0091 Rbnd=5.5586
  -> CONVERGED at iter 2962
transform timing: inverseDFT total 2031.6 ms (0.686 ms/iter), forwardDFT total 1159.5 ms (0.391 ms/iter)
Saved binary state to cumes_state.bin

========================================
  Solver Result
========================================
  Status:     CONVERGED
  Iterations: 2962
  FSQR:       9.924e-13
  FSQZ:       2.196e-13
  FSQL:       2.242e-13

  R_00 radial profile:
  j  |  R_00
  ---+--------
   0 |   5.644889
   1 |   5.643939
   2 |   5.642922
   3 |   5.641883
   4 |   5.640842
   5 |   5.639807
   6 |   5.638780
   7 |   5.637762
   8 |   5.636751
   9 |   5.635748
  10 |   5.634751
  11 |   5.633759
  12 |   5.632772
  13 |   5.631790
  14 |   5.630813
  15 |   5.629839
  16 |   5.628869
  17 |   5.627904
  18 |   5.626942
  19 |   5.625984
  20 |   5.625029
  21 |   5.624079
  22 |   5.623131
  23 |   5.622188
  24 |   5.621249
  25 |   5.620313
  26 |   5.619381
  27 |   5.618452
  28 |   5.617528
  29 |   5.616607
  30 |   5.615690
  31 |   5.614776
  32 |   5.613867
  33 |   5.612961
  34 |   5.612059
  35 |   5.611160
  36 |   5.610265
  37 |   5.609374
  38 |   5.608487
  39 |   5.607603
  40 |   5.606722
  41 |   5.605846
  42 |   5.604972
  43 |   5.604102
  44 |   5.603236
  45 |   5.602372
  46 |   5.601512
  47 |   5.600655
  48 |   5.599801
  49 |   5.598950
  50 |   5.598102
  51 |   5.597257
  52 |   5.596414
  53 |   5.595574
  54 |   5.594736
  55 |   5.593901
  56 |   5.593068
  57 |   5.592237
  58 |   5.591408
  59 |   5.590581
  60 |   5.589756
  61 |   5.588932
  62 |   5.588110
  63 |   5.587290
  64 |   5.586470
  65 |   5.585652
  66 |   5.584834
  67 |   5.584018
  68 |   5.583202
  69 |   5.582387
  70 |   5.581572
  71 |   5.580758
  72 |   5.579944
  73 |   5.579130
  74 |   5.578316
  75 |   5.577502
  76 |   5.576688
  77 |   5.575873
  78 |   5.575058
  79 |   5.574243
  80 |   5.573428
  81 |   5.572611
  82 |   5.571794
  83 |   5.570977
  84 |   5.570158
  85 |   5.569339
  86 |   5.568519
  87 |   5.567698
  88 |   5.566876
  89 |   5.566053
  90 |   5.565229
  91 |   5.564404
  92 |   5.563578
  93 |   5.562751
  94 |   5.561922
  95 |   5.561093
  96 |   5.560263
  97 |   5.559432
  98 |   5.558600

  Axis (j=0) and Boundary (j=98):
  Mode | m  n |   rmncc(ax)  rmncc(bdy)  zmnsc(ax)  zmnsc(bdy)
  ------+-------+-------------------------------------------
     0 | 0 0 |   5.644889   5.558600   0.000000   0.000000
     1 | 0 1 |   0.351753   0.264470   0.000000   0.000000
     2 | 0 2 |   0.012216   0.001695   0.000000   0.000000
     3 | 0 3 |   0.000625  -0.000947   0.000000   0.000000
     4 | 0 4 |  -0.000323  -0.001762   0.000000   0.000000
     5 | 0 5 |  -0.000015   0.000046   0.000000   0.000000
     6 | 0 6 |  -0.000088  -0.000234   0.000000   0.000000
     7 | 0 7 |   0.000066   0.000000   0.000000   0.000000
     8 | 0 8 |   0.000021   0.000000   0.000000   0.000000
     9 | 0 9 |  -0.000007   0.000000   0.000000   0.000000
    10 | 0 10 |  -0.000001   0.000000   0.000000   0.000000
    11 | 0 11 |   0.000001   0.000000   0.000000   0.000000

Done.
